// Jest Snapshot v1, https://goo.gl/fbAQLP

exports[`React componnents Main should render correctly with no props 1`] = `
<div>
  <main>
    <div>
      HOME!
      <div>
        PRODUCT SLIDER
      </div>
      <div>
        <div>
          PRODUCT CATEGORY MENU
        </div>
        <ul />
      </div>
    </div>
  </main>
</div>
`;
